// Jest Snapshot v1, https://goo.gl/fbAQLP

exports[`should render Expense List with expenses 1`] = `
<div>
  <ExpenseListItem
    amount={195}
    createdAt={0}
    description="Gum"
    id={1}
    key="1"
    note=""
  />
  <ExpenseListItem
    amount={1425200}
    createdAt={-345600000}
    description="Rent"
    id={2}
    key="2"
    note=""
  />
  <ExpenseListItem
    amount={5600}
    createdAt={345600000}
    description="Credit ccard"
    id={3}
    key="3"
    note=""
  />
  <h1>
    Expense List
  </h1>
</div>
`;

exports[`should render ExpenseList with empty message 1`] = `
<div>
  <p>
    No expenses
  </p>
  <h1>
    Expense List
  </h1>
</div>
`;
